../Core/Src/main.c:81:5:main	24	static
../Core/Src/main.c:160:6:SystemClock_Config	88	static
../Core/Src/main.c:207:13:MX_CRC_Init	8	static
../Core/Src/main.c:234:13:MX_I2S2_Init	8	static
../Core/Src/main.c:268:13:MX_USART2_UART_Init	8	static
../Core/Src/main.c:299:13:MX_DMA_Init	16	static
../Core/Src/main.c:317:13:MX_GPIO_Init	56	static
../Core/Src/main.c:439:13:processPDMHalf	24	static
../Core/Src/main.c:456:6:HAL_I2S_RxHalfCpltCallback	16	static
../Core/Src/main.c:462:6:HAL_I2S_RxCpltCallback	16	static
../Core/Src/main.c:477:6:HAL_TIM_PeriodElapsedCallback	16	static
../Core/Src/main.c:494:6:Error_Handler	4	static,ignoring_inline_asm
