../Drivers/BSP/Components/cs43l22/cs43l22.c:354:10:cs43l22_SetFrequency	0	static
../Drivers/BSP/Components/cs43l22/cs43l22.c:434:10:cs43l22_Reset	0	static
../Drivers/BSP/Components/cs43l22/cs43l22.c:327:10:cs43l22_SetVolume	16	static
../Drivers/BSP/Components/cs43l22/cs43l22.c:116:10:cs43l22_Init	24	static
../Drivers/BSP/Components/cs43l22/cs43l22.c:395:10:cs43l22_SetOutputMode	8	static
../Drivers/BSP/Components/cs43l22/cs43l22.c:200:6:cs43l22_DeInit	0	static
../Drivers/BSP/Components/cs43l22/cs43l22.c:211:10:cs43l22_ReadID	8	static
../Drivers/BSP/Components/cs43l22/cs43l22.c:366:10:cs43l22_SetMute.part.0	8	static
../Drivers/BSP/Components/cs43l22/cs43l22.c:366:10:cs43l22_SetMute	8	static
../Drivers/BSP/Components/cs43l22/cs43l22.c:274:10:cs43l22_Resume	24	static
../Drivers/BSP/Components/cs43l22/cs43l22.c:255:10:cs43l22_Pause	8	static
../Drivers/BSP/Components/cs43l22/cs43l22.c:302:10:cs43l22_Stop	8	static
../Drivers/BSP/Components/cs43l22/cs43l22.c:229:10:cs43l22_Play	16	static
